# rustc 1.97.0 (2d8144b78 2026-07-07)
# cargo 1.97.0 (c980f4866 2026-06-30)

$ cargo build -p volt-span --target wasm32-unknown-unknown --release
    Finished `release` profile [optimized] target(s) in 0.27s
exit=0

$ cargo build -p volt-diagnostics --target wasm32-unknown-unknown --release
    Finished `release` profile [optimized] target(s) in 9.13s
exit=0

$ cargo build -p volt-ast --target wasm32-unknown-unknown --release
    Finished `release` profile [optimized] target(s) in 1.31s
exit=0

$ cargo build -p volt-syntax --target wasm32-unknown-unknown --release
    Finished `release` profile [optimized] target(s) in 19.53s
exit=0

$ cargo build -p volt-hir --target wasm32-unknown-unknown --release
    Finished `release` profile [optimized] target(s) in 15.38s
exit=0

$ cargo build -p volt-lower --target wasm32-unknown-unknown --release
    Finished `release` profile [optimized] target(s) in 0.08s
exit=0

$ cargo build -p volt-sv-emit --target wasm32-unknown-unknown --release
    Finished `release` profile [optimized] target(s) in 11.92s
exit=0

$ cargo build -p volt-sdc-emit --target wasm32-unknown-unknown --release
    Finished `release` profile [optimized] target(s) in 0.54s
exit=0

$ cargo build -p volt-sw-emit --target wasm32-unknown-unknown --release
    Finished `release` profile [optimized] target(s) in 6.41s
exit=0

$ cargo build -p volt-tools --target wasm32-unknown-unknown --release
    Finished `release` profile [optimized] target(s) in 0.72s
exit=0

$ cargo build -p volt-lsp --target wasm32-unknown-unknown --release
error: Only features sync,macros,io-util,rt,time are supported on wasm.
   --> ~/.cargo/registry/src/index.crates.io-1949cf8c6b5b557f/tokio-1.53.1/src/lib.rs:479:1
error: could not compile `tokio` (lib) due to 1 previous error
exit=101

$ cargo build -p volt-driver --target wasm32-unknown-unknown --release
error: Only features sync,macros,io-util,rt,time are supported on wasm.
   --> ~/.cargo/registry/src/index.crates.io-1949cf8c6b5b557f/tokio-1.53.1/src/lib.rs:479:1
error: could not compile `tokio` (lib) due to 1 previous error
exit=101
